// Jest Snapshot v1, https://goo.gl/fbAQLP

exports[`<AboutPage/> renders correctly 1`] = `
<RCTSafeAreaView
  style={
    {
      "alignItems": "center",
      "backgroundColor": "#fff",
      "flex": 1,
      "flexDirection": "column",
      "width": "100%",
    }
  }
>
  <View
    style={
      {
        "alignItems": "center",
        "backgroundColor": "#fff",
        "flexDirection": "row",
        "height": 50,
        "justifyContent": "center",
        "paddingHorizontal": 16,
        "width": "90%",
      }
    }
  >
    <View
      accessibilityState={
        {
          "busy": undefined,
          "checked": undefined,
          "disabled": undefined,
          "expanded": undefined,
          "selected": undefined,
        }
      }
      accessibilityValue={
        {
          "max": undefined,
          "min": undefined,
          "now": undefined,
          "text": undefined,
        }
      }
      accessible={true}
      collapsable={false}
      focusable={true}
      onClick={[Function]}
      onResponderGrant={[Function]}
      onResponderMove={[Function]}
      onResponderRelease={[Function]}
      onResponderTerminate={[Function]}
      onResponderTerminationRequest={[Function]}
      onStartShouldSetResponder={[Function]}
      style={
        {
          "marginLeft": -20,
          "opacity": 1,
        }
      }
    >
      <Text
        allowFontScaling={false}
        selectable={false}
        style={
          [
            {
              "color": "black",
              "fontSize": 24,
            },
            undefined,
            {
              "fontFamily": "ionicons",
              "fontStyle": "normal",
              "fontWeight": "normal",
            },
            {},
          ]
        }
      >
        ï„¤
      </Text>
    </View>
    <Text
      style={
        {
          "fontSize": 20,
          "fontWeight": "bold",
          "marginLeft": 16,
        }
      }
    >
      About
    </Text>
  </View>
  <Text>
    We are a group of students from NUS
  </Text>
</RCTSafeAreaView>
`;
